root@80810483fc4b:/# apt install curl
Reading package lists... Done
Building dependency tree... Done
Reading state information... Done
E: Unable to locate package curl
root@80810483fc4b:/# apt-get update
Get:1 http://security.ubuntu.com/ubuntu jammy-security InRelease [110 kB]
Get:2 http://archive.ubuntu.com/ubuntu jammy InRelease [270 kB]
Get:3 http://security.ubuntu.com/ubuntu jammy-security/multiverse amd64 Packages [44.6 kB]
Get:4 http://security.ubuntu.com/ubuntu jammy-security/restricted amd64 Packages [1685 kB]
Get:5 http://archive.ubuntu.com/ubuntu jammy-updates InRelease [119 kB]
Get:6 http://archive.ubuntu.com/ubuntu jammy-backports InRelease [109 kB]
Get:7 http://archive.ubuntu.com/ubuntu jammy/multiverse amd64 Packages [266 kB]
Get:8 http://archive.ubuntu.com/ubuntu jammy/universe amd64 Packages [17.5 MB]
Get:9 http://security.ubuntu.com/ubuntu jammy-security/universe amd64 Packages [1063 kB]
Get:10 http://security.ubuntu.com/ubuntu jammy-security/main amd64 Packages [1398 kB]
Get:11 http://archive.ubuntu.com/ubuntu jammy/restricted amd64 Packages [164 kB]
Get:12 http://archive.ubuntu.com/ubuntu jammy/main amd64 Packages [1792 kB]    
Get:13 http://archive.ubuntu.com/ubuntu jammy-updates/main amd64 Packages [1678 kB]
Get:14 http://archive.ubuntu.com/ubuntu jammy-updates/universe amd64 Packages [1333 kB]
Get:15 http://archive.ubuntu.com/ubuntu jammy-updates/restricted amd64 Packages [1722 kB]
Get:16 http://archive.ubuntu.com/ubuntu jammy-updates/multiverse amd64 Packages [50.4 kB]
Get:17 http://archive.ubuntu.com/ubuntu jammy-backports/universe amd64 Packages [28.1 kB]
Get:18 http://archive.ubuntu.com/ubuntu jammy-backports/main amd64 Packages [50.4 kB]
Fetched 29.4 MB in 1min 56s (253 kB/s)                                         
Reading package lists... Done
root@80810483fc4b:/# apt-get -y install curl
Reading package lists... Done
Building dependency tree... Done
Reading state information... Done
The following additional packages will be installed:
  ca-certificates libbrotli1 libcurl4 libldap-2.5-0 libldap-common
  libnghttp2-14 libpsl5 librtmp1 libsasl2-2 libsasl2-modules
  libsasl2-modules-db libssh-4 openssl publicsuffix
Suggested packages:
  libsasl2-modules-gssapi-mit | libsasl2-modules-gssapi-heimdal
  libsasl2-modules-ldap libsasl2-modules-otp libsasl2-modules-sql
The following NEW packages will be installed:
  ca-certificates curl libbrotli1 libcurl4 libldap-2.5-0 libldap-common
  libnghttp2-14 libpsl5 librtmp1 libsasl2-2 libsasl2-modules
  libsasl2-modules-db libssh-4 openssl publicsuffix
0 upgraded, 15 newly installed, 0 to remove and 0 not upgraded.
Need to get 2988 kB of archives.
After this operation, 7124 kB of additional disk space will be used.
Get:1 http://archive.ubuntu.com/ubuntu jammy-updates/main amd64 openssl amd64 3.0.2-0ubuntu1.13 [1184 kB]
Get:2 http://archive.ubuntu.com/ubuntu jammy-updates/main amd64 ca-certificates all 20230311ubuntu0.22.04.1 [155 kB]
Get:3 http://archive.ubuntu.com/ubuntu jammy-updates/main amd64 libnghttp2-14 amd64 1.43.0-1ubuntu0.1 [76.7 kB]
Get:4 http://archive.ubuntu.com/ubuntu jammy/main amd64 libpsl5 amd64 0.21.0-1.2build2 [58.4 kB]
Get:5 http://archive.ubuntu.com/ubuntu jammy/main amd64 publicsuffix all 20211207.1025-1 [129 kB]
Get:6 http://archive.ubuntu.com/ubuntu jammy/main amd64 libbrotli1 amd64 1.0.9-2build6 [315 kB]
Get:7 http://archive.ubuntu.com/ubuntu jammy-updates/main amd64 libsasl2-modules-db amd64 2.1.27+dfsg2-3ubuntu1.2 [20.5 kB]
Get:8 http://archive.ubuntu.com/ubuntu jammy-updates/main amd64 libsasl2-2 amd64 2.1.27+dfsg2-3ubuntu1.2 [53.8 kB]
Get:9 http://archive.ubuntu.com/ubuntu jammy-updates/main amd64 libldap-2.5-0 amd64 2.5.16+dfsg-0ubuntu0.22.04.2 [183 kB]
Get:10 http://archive.ubuntu.com/ubuntu jammy/main amd64 librtmp1 amd64 2.4+20151223.gitfa8646d.1-2build4 [58.2 kB]
Get:11 http://archive.ubuntu.com/ubuntu jammy-updates/main amd64 libssh-4 amd64 0.9.6-2ubuntu0.22.04.3 [186 kB]
Get:12 http://archive.ubuntu.com/ubuntu jammy-updates/main amd64 libcurl4 amd64 7.81.0-1ubuntu1.15 [289 kB]
Get:13 http://archive.ubuntu.com/ubuntu jammy-updates/main amd64 curl amd64 7.81.0-1ubuntu1.15 [194 kB]
Get:14 http://archive.ubuntu.com/ubuntu jammy-updates/main amd64 libldap-common all 2.5.16+dfsg-0ubuntu0.22.04.2 [15.5 kB]
Get:15 http://archive.ubuntu.com/ubuntu jammy-updates/main amd64 libsasl2-modules amd64 2.1.27+dfsg2-3ubuntu1.2 [68.8 kB]
Fetched 2988 kB in 13s (239 kB/s)                                              
debconf: delaying package configuration, since apt-utils is not installed
Selecting previously unselected package openssl.
(Reading database ... 4393 files and directories currently installed.)
Preparing to unpack .../00-openssl_3.0.2-0ubuntu1.13_amd64.deb ...
Unpacking openssl (3.0.2-0ubuntu1.13) ...
Selecting previously unselected package ca-certificates.
Preparing to unpack .../01-ca-certificates_20230311ubuntu0.22.04.1_all.deb ...
Unpacking ca-certificates (20230311ubuntu0.22.04.1) ...
Selecting previously unselected package libnghttp2-14:amd64.
Preparing to unpack .../02-libnghttp2-14_1.43.0-1ubuntu0.1_amd64.deb ...
Unpacking libnghttp2-14:amd64 (1.43.0-1ubuntu0.1) ...
Selecting previously unselected package libpsl5:amd64.
Preparing to unpack .../03-libpsl5_0.21.0-1.2build2_amd64.deb ...
Unpacking libpsl5:amd64 (0.21.0-1.2build2) ...
Selecting previously unselected package publicsuffix.
Preparing to unpack .../04-publicsuffix_20211207.1025-1_all.deb ...
Unpacking publicsuffix (20211207.1025-1) ...
Selecting previously unselected package libbrotli1:amd64.
Preparing to unpack .../05-libbrotli1_1.0.9-2build6_amd64.deb ...
Unpacking libbrotli1:amd64 (1.0.9-2build6) ...
Selecting previously unselected package libsasl2-modules-db:amd64.
Preparing to unpack .../06-libsasl2-modules-db_2.1.27+dfsg2-3ubuntu1.2_amd64.deb ...
Unpacking libsasl2-modules-db:amd64 (2.1.27+dfsg2-3ubuntu1.2) ...
Selecting previously unselected package libsasl2-2:amd64.
Preparing to unpack .../07-libsasl2-2_2.1.27+dfsg2-3ubuntu1.2_amd64.deb ...
Unpacking libsasl2-2:amd64 (2.1.27+dfsg2-3ubuntu1.2) ...
Selecting previously unselected package libldap-2.5-0:amd64.
Preparing to unpack .../08-libldap-2.5-0_2.5.16+dfsg-0ubuntu0.22.04.2_amd64.deb ...
Unpacking libldap-2.5-0:amd64 (2.5.16+dfsg-0ubuntu0.22.04.2) ...
Selecting previously unselected package librtmp1:amd64.
Preparing to unpack .../09-librtmp1_2.4+20151223.gitfa8646d.1-2build4_amd64.deb ...
Unpacking librtmp1:amd64 (2.4+20151223.gitfa8646d.1-2build4) ...
Selecting previously unselected package libssh-4:amd64.
Preparing to unpack .../10-libssh-4_0.9.6-2ubuntu0.22.04.3_amd64.deb ...
Unpacking libssh-4:amd64 (0.9.6-2ubuntu0.22.04.3) ...
Selecting previously unselected package libcurl4:amd64.
Preparing to unpack .../11-libcurl4_7.81.0-1ubuntu1.15_amd64.deb ...
Unpacking libcurl4:amd64 (7.81.0-1ubuntu1.15) ...
Selecting previously unselected package curl.
Preparing to unpack .../12-curl_7.81.0-1ubuntu1.15_amd64.deb ...
Unpacking curl (7.81.0-1ubuntu1.15) ...
Selecting previously unselected package libldap-common.
Preparing to unpack .../13-libldap-common_2.5.16+dfsg-0ubuntu0.22.04.2_all.deb ...
Unpacking libldap-common (2.5.16+dfsg-0ubuntu0.22.04.2) ...
Selecting previously unselected package libsasl2-modules:amd64.
Preparing to unpack .../14-libsasl2-modules_2.1.27+dfsg2-3ubuntu1.2_amd64.deb ...
Unpacking libsasl2-modules:amd64 (2.1.27+dfsg2-3ubuntu1.2) ...
Setting up libpsl5:amd64 (0.21.0-1.2build2) ...
Setting up libbrotli1:amd64 (1.0.9-2build6) ...
Setting up libsasl2-modules:amd64 (2.1.27+dfsg2-3ubuntu1.2) ...
Setting up libnghttp2-14:amd64 (1.43.0-1ubuntu0.1) ...
Setting up libldap-common (2.5.16+dfsg-0ubuntu0.22.04.2) ...
Setting up libsasl2-modules-db:amd64 (2.1.27+dfsg2-3ubuntu1.2) ...
Setting up librtmp1:amd64 (2.4+20151223.gitfa8646d.1-2build4) ...
Setting up libsasl2-2:amd64 (2.1.27+dfsg2-3ubuntu1.2) ...
Setting up libssh-4:amd64 (0.9.6-2ubuntu0.22.04.3) ...
Setting up openssl (3.0.2-0ubuntu1.13) ...
Setting up publicsuffix (20211207.1025-1) ...
Setting up libldap-2.5-0:amd64 (2.5.16+dfsg-0ubuntu0.22.04.2) ...
Setting up ca-certificates (20230311ubuntu0.22.04.1) ...
debconf: unable to initialize frontend: Dialog
debconf: (No usable dialog-like program is installed, so the dialog based frontend cannot be used. at /usr/share/perl5/Debconf/FrontEnd/Dialog.pm line 78.)
debconf: falling back to frontend: Readline
debconf: unable to initialize frontend: Readline
debconf: (Can't locate Term/ReadLine.pm in @INC (you may need to install the Term::ReadLine module) (@INC contains: /etc/perl /usr/local/lib/x86_64-linux-gnu/perl/5.34.0 /usr/local/share/perl/5.34.0 /usr/lib/x86_64-linux-gnu/perl5/5.34 /usr/share/perl5 /usr/lib/x86_64-linux-gnu/perl-base /usr/lib/x86_64-linux-gnu/perl/5.34 /usr/share/perl/5.34 /usr/local/lib/site_perl) at /usr/share/perl5/Debconf/FrontEnd/Readline.pm line 7.)
debconf: falling back to frontend: Teletype
Updating certificates in /etc/ssl/certs...
137 added, 0 removed; done.
Setting up libcurl4:amd64 (7.81.0-1ubuntu1.15) ...
Setting up curl (7.81.0-1ubuntu1.15) ...
Processing triggers for libc-bin (2.35-0ubuntu3.6) ...
Processing triggers for ca-certificates (20230311ubuntu0.22.04.1) ...
Updating certificates in /etc/ssl/certs...
0 added, 0 removed; done.
Running hooks in /etc/ca-certificates/update.d...
done.
root@80810483fc4b:/# curl -sL https://deb.nodesource.com/setup_16.x | bash

================================================================================
▓▓▓▓▓▓▓▓▓▓▓▓▓▓▓▓▓▓▓▓▓▓▓▓▓▓▓▓▓▓▓▓▓▓▓▓▓▓▓▓▓▓▓▓▓▓▓▓▓▓▓▓▓▓▓▓▓▓▓▓▓▓▓▓▓▓▓▓▓▓▓▓▓▓▓▓▓▓▓▓
================================================================================

                           SCRIPT DEPRECATION WARNING                    

  
  This script, located at https://deb.nodesource.com/setup_X, used to
  install Node.js is deprecated now and will eventually be made inactive.

  Please visit the NodeSource distributions Github and follow the
  instructions to migrate your repo.
  https://github.com/nodesource/distributions

  The NodeSource Node.js Linux distributions GitHub repository contains
  information about which versions of Node.js and which Linux distributions
  are supported and how to install it.
  https://github.com/nodesource/distributions


                          SCRIPT DEPRECATION WARNING

================================================================================
▓▓▓▓▓▓▓▓▓▓▓▓▓▓▓▓▓▓▓▓▓▓▓▓▓▓▓▓▓▓▓▓▓▓▓▓▓▓▓▓▓▓▓▓▓▓▓▓▓▓▓▓▓▓▓▓▓▓▓▓▓▓▓▓▓▓▓▓▓▓▓▓▓▓▓▓▓▓▓▓
================================================================================

TO AVOID THIS WAIT MIGRATE THE SCRIPT
Continuing in 60 seconds (press Ctrl-C to abort) ...


## Installing the NodeSource Node.js 16.x repo...


## Populating apt-get cache...

+ apt-get update
Hit:1 http://security.ubuntu.com/ubuntu jammy-security InRelease            
Hit:2 http://archive.ubuntu.com/ubuntu jammy InRelease                      
Hit:3 http://archive.ubuntu.com/ubuntu jammy-updates InRelease
Hit:4 http://archive.ubuntu.com/ubuntu jammy-backports InRelease
Reading package lists... Done

## Installing packages required for setup: lsb-release gnupg...

+ apt-get install -y lsb-release gnupg > /dev/null 2>&1

## Confirming "jammy" is supported...

+ curl -sLf -o /dev/null 'https://deb.nodesource.com/node_16.x/dists/jammy/Release'

## Adding the NodeSource signing key to your keyring...

+ curl -s https://deb.nodesource.com/gpgkey/nodesource.gpg.key | gpg --dearmor | tee /usr/share/keyrings/nodesource.gpg >/dev/null

## Creating apt sources list file for the NodeSource Node.js 16.x repo...

+ echo 'deb [signed-by=/usr/share/keyrings/nodesource.gpg] https://deb.nodesource.com/node_16.x jammy main' > /etc/apt/sources.list.d/nodesource.list
+ echo 'deb-src [signed-by=/usr/share/keyrings/nodesource.gpg] https://deb.nodesource.com/node_16.x jammy main' >> /etc/apt/sources.list.d/nodesource.list

## Running `apt-get update` for you...

+ apt-get update
Hit:1 http://security.ubuntu.com/ubuntu jammy-security InRelease
Hit:2 http://archive.ubuntu.com/ubuntu jammy InRelease                  
Get:3 https://deb.nodesource.com/node_16.x jammy InRelease [4583 B]     
Hit:4 http://archive.ubuntu.com/ubuntu jammy-updates InRelease
Get:5 https://deb.nodesource.com/node_16.x jammy/main amd64 Packages [776 B]
Hit:6 http://archive.ubuntu.com/ubuntu jammy-backports InRelease
Fetched 5359 B in 2s (2528 B/s)
Reading package lists... Done

## Run `sudo apt-get install -y nodejs` to install Node.js 16.x and npm
## You may also need development tools to build native addons:
     sudo apt-get install gcc g++ make
## To install the Yarn package manager, run:
     curl -sL https://dl.yarnpkg.com/debian/pubkey.gpg | gpg --dearmor | sudo tee /usr/share/keyrings/yarnkey.gpg >/dev/null
     echo "deb [signed-by=/usr/share/keyrings/yarnkey.gpg] https://dl.yarnpkg.com/debian stable main" | sudo tee /etc/apt/sources.list.d/yarn.list
     sudo apt-get update && sudo apt-get install yarn


root@80810483fc4b:/# sudo apt-get install -y nodejs
bash: sudo: command not found
root@80810483fc4b:/# apt-get install -y nodejs
Reading package lists... Done
Building dependency tree... Done
Reading state information... Done
The following NEW packages will be installed:
  nodejs
0 upgraded, 1 newly installed, 0 to remove and 0 not upgraded.
Need to get 27.2 MB of archives.
After this operation, 128 MB of additional disk space will be used.
Get:1 https://deb.nodesource.com/node_16.x jammy/main amd64 nodejs amd64 16.20.2-deb-1nodesource1 [27.2 MB]
Fetched 27.2 MB in 1min 51s (245 kB/s)                                         
debconf: delaying package configuration, since apt-utils is not installed
Selecting previously unselected package nodejs.
(Reading database ... 5966 files and directories currently installed.)
Preparing to unpack .../nodejs_16.20.2-deb-1nodesource1_amd64.deb ...
Unpacking nodejs (16.20.2-deb-1nodesource1) ...
Setting up nodejs (16.20.2-deb-1nodesource1) ...
root@80810483fc4b:/# node /usr/src/app/index.js
node:internal/modules/cjs/loader:1031
  throw err;
  ^

Error: Cannot find module '/usr/src/app/index.js'
    at Function.Module._resolveFilename (node:internal/modules/cjs/loader:1028:15)
    at Function.Module._load (node:internal/modules/cjs/loader:873:27)
    at Function.executeUserEntryPoint [as runMain] (node:internal/modules/run_main:81:12)
    at node:internal/main/run_main_module:22:47 {
  code: 'MODULE_NOT_FOUND',
  requireStack: []
}
root@80810483fc4b:/# node                      
Welcome to Node.js v16.20.2.
Type ".help" for more information.
> exit
Uncaught ReferenceError: exit is not defined
> 
(To exit, press Ctrl+C again or Ctrl+D or type .exit)
> 
root@80810483fc4b:/# cd /usr/src/app/
bash: cd: /usr/src/app/: No such file or directory
root@80810483fc4b:/# mkdir /usr/src/app
root@80810483fc4b:/# touch /usr/src/app/index.js
root@80810483fc4b:/# cd /usr/src/app/
root@80810483fc4b:/usr/src/app# ls
index.js
root@80810483fc4b:/usr/src/app# code .
bash: code: command not found
root@80810483fc4b:/usr/src/app# nano /usr/src/app/index.js
bash: nano: command not found
root@80810483fc4b:/usr/src/app# cd ..
root@80810483fc4b:/usr/src# cd ..
root@80810483fc4b:/usr# cd ..
root@80810483fc4b:/# nano /usr/src/app/index.js
bash: nano: command not found
root@80810483fc4b:/# apt-get install nano
Reading package lists... Done
Building dependency tree... Done
Reading state information... Done
Suggested packages:
  hunspell
The following NEW packages will be installed:
  nano
0 upgraded, 1 newly installed, 0 to remove and 0 not upgraded.
Need to get 280 kB of archives.
After this operation, 881 kB of additional disk space will be used.
Get:1 http://archive.ubuntu.com/ubuntu jammy/main amd64 nano amd64 6.2-1 [280 kB]
Fetched 280 kB in 2s (163 kB/s)
debconf: delaying package configuration, since apt-utils is not installed
Selecting previously unselected package nano.
(Reading database ... 9169 files and directories currently installed.)
Preparing to unpack .../archives/nano_6.2-1_amd64.deb ...
Unpacking nano (6.2-1) ...
Setting up nano (6.2-1) ...
update-alternatives: using /bin/nano to provide /usr/bin/editor (editor) in auto mode
update-alternatives: warning: skip creation of /usr/share/man/man1/editor.1.gz because associated file /usr/share/man/man1/nano.1.gz (of link group editor) doesn't exist
update-alternatives: using /bin/nano to provide /usr/bin/pico (pico) in auto mode
update-alternatives: warning: skip creation of /usr/share/man/man1/pico.1.gz because associated file /usr/share/man/man1/nano.1.gz (of link group pico) doesn't exist
root@80810483fc4b:/# nano /usr/src/app/index.js
root@80810483fc4b:/# node /usr/src/app/index.js
Hello World!
root@80810483fc4b:/# 
